Copyright 1986-2019 Xilinx, Inc. All Rights Reserved.
---------------------------------------------------------------------------------------------------------------------------------------------
| Tool Version : Vivado v.2019.2 (win64) Build 2708876 Wed Nov  6 21:40:23 MST 2019
| Date         : Sun Mar 21 14:35:15 2021
| Host         : DESKTOP-5DA4G9P running 64-bit major release  (build 9200)
| Command      : report_drc -file IPCreation_wrapper_drc_opted.rpt -pb IPCreation_wrapper_drc_opted.pb -rpx IPCreation_wrapper_drc_opted.rpx
| Design       : IPCreation_wrapper
| Device       : xc7z010clg400-1
| Speed File   : -1
| Design State : Synthesized
---------------------------------------------------------------------------------------------------------------------------------------------

Report DRC

Table of Contents
-----------------
1. REPORT SUMMARY
2. REPORT DETAILS

1. REPORT SUMMARY
-----------------
            Netlist: netlist
          Floorplan: design_1
      Design limits: <entire design considered>
           Ruledeck: default
             Max violations: <unlimited>
             Violations found: 4
+--------+----------+--------------------------+------------+
| Rule   | Severity | Description              | Violations |
+--------+----------+--------------------------+------------+
| BUFC-1 | Warning  | Input Buffer Connections | 4          |
+--------+----------+--------------------------+------------+

2. REPORT DETAILS
-----------------
BUFC-1#1 Warning
Input Buffer Connections  
Input buffer GPIO_0_tri_iobuf_0/IBUF (in GPIO_0_tri_iobuf_0 macro) has no loads. It is recommended to have an input buffer drive an internal load.
Related violations: <none>

BUFC-1#2 Warning
Input Buffer Connections  
Input buffer GPIO_0_tri_iobuf_1/IBUF (in GPIO_0_tri_iobuf_1 macro) has no loads. It is recommended to have an input buffer drive an internal load.
Related violations: <none>

BUFC-1#3 Warning
Input Buffer Connections  
Input buffer GPIO_0_tri_iobuf_2/IBUF (in GPIO_0_tri_iobuf_2 macro) has no loads. It is recommended to have an input buffer drive an internal load.
Related violations: <none>

BUFC-1#4 Warning
Input Buffer Connections  
Input buffer GPIO_0_tri_iobuf_3/IBUF (in GPIO_0_tri_iobuf_3 macro) has no loads. It is recommended to have an input buffer drive an internal load.
Related violations: <none>


