Nothing to build in platform 'ZyboIPCreation_wrapper_1'

18:33:29 **** Incremental Build of configuration Debug for project Lab1_attempt3 ****
make all 
make --no-print-directory pre-build
a9-linaro-pre-build-step
' '
make --no-print-directory main-build
'Building file: ../src/main.cpp'
'Invoking: ARM v7 g++ compiler'
arm-none-eabi-g++ -Wall -O0 -g3 -c -fmessage-length=0 -MT"src/main.o" -mcpu=cortex-a9 -mfpu=vfpv3 -mfloat-abi=hard -ID:/Y4/hardsoft/Lab/create_project_2019/Workspace.vitas/ZyboIPCreation_wrapper_1/export/ZyboIPCreation_wrapper_1/sw/ZyboIPCreation_wrapper_1/standalone_domain/bspinclude/include -MMD -MP -MF"src/main.d" -MT"src/main.o" -o "src/main.o" "../src/main.cpp"
'Finished building: ../src/main.cpp'
' '
'Building target: Lab1_attempt3.elf'
'Invoking: ARM v7 g++ linker'
arm-none-eabi-g++ -mcpu=cortex-a9 -mfpu=vfpv3 -mfloat-abi=hard -Wl,-build-id=none -specs=Xilinx.spec -Wl,-T -Wl,../src/lscript.ld -LD:/Y4/hardsoft/Lab/create_project_2019/Workspace.vitas/ZyboIPCreation_wrapper_1/export/ZyboIPCreation_wrapper_1/sw/ZyboIPCreation_wrapper_1/standalone_domain/bsplib/lib -o "Lab1_attempt3.elf"  ./src/main.o   -Wl,--start-group,-lxil,-lgcc,-lc,-lstdc++,--end-group
'Finished building target: Lab1_attempt3.elf'
' '
'Invoking: ARM v7 Print Size'
arm-none-eabi-size Lab1_attempt3.elf  |tee "Lab1_attempt3.elf.size"
   text	   data	    bss	    dec	    hex	filename
  38428	   2584	  23320	  64332	   fb4c	Lab1_attempt3.elf
'Finished building: Lab1_attempt3.elf.size'
' '
