14:46:29 **** Build of configuration Debug for project Lab1 ****
make all 
make --no-print-directory pre-build
a9-linaro-pre-build-step
' '
make --no-print-directory main-build
'Building file: ../src/main.cpp'
'Invoking: ARM v7 g++ compiler'
arm-none-eabi-g++ -Wall -O0 -g3 -c -fmessage-length=0 -MT"src/main.o" -mcpu=cortex-a9 -mfpu=vfpv3 -mfloat-abi=hard -ID:/Y4/hardsoft/Lab/create_project_2019/Workspace.vitas/IPCreation_wrapper/export/IPCreation_wrapper/sw/IPCreation_wrapper/standalone_domain/bspinclude/include -MMD -MP -MF"src/main.d" -MT"src/main.o" -o "src/main.o" "../src/main.cpp"
'Finished building: ../src/main.cpp'
' '
'Building target: Lab1.elf'
'Invoking: ARM v7 g++ linker'
arm-none-eabi-g++ -mcpu=cortex-a9 -mfpu=vfpv3 -mfloat-abi=hard -Wl,-build-id=none -specs=Xilinx.spec -Wl,-T -Wl,../src/lscript.ld -LD:/Y4/hardsoft/Lab/create_project_2019/Workspace.vitas/IPCreation_wrapper/export/IPCreation_wrapper/sw/IPCreation_wrapper/standalone_domain/bsplib/lib -o "Lab1.elf"  ./src/main.o   -Wl,--start-group,-lxil,-lgcc,-lc,-lstdc++,--end-group
'Finished building target: Lab1.elf'
' '
'Invoking: ARM v7 Print Size'
arm-none-eabi-size Lab1.elf  |tee "Lab1.elf.size"
   text	   data	    bss	    dec	    hex	filename
  27464	   2184	  22632	  52280	   cc38	Lab1.elf
'Finished building: Lab1.elf.size'
' '

14:46:30 Build Finished (took 788ms)

